\BOOKMARK [0][-]{chapter.1}{\376\377\000I\000n\000t\000r\000o\000d\000u\000c\000t\000i\000o\000n}{}% 1
\BOOKMARK [1][-]{section.1.1}{\376\377\000C\000o\000n\000t\000e\000x\000t\000\040\000a\000n\000d\000\040\000M\000o\000t\000i\000v\000a\000t\000i\000o\000n}{chapter.1}% 2
\BOOKMARK [1][-]{section.1.2}{\376\377\000P\000r\000o\000b\000l\000e\000m\000\040\000S\000t\000a\000t\000e\000m\000e\000n\000t}{chapter.1}% 3
\BOOKMARK [1][-]{section.1.3}{\376\377\000O\000b\000j\000e\000c\000t\000i\000v\000e\000s}{chapter.1}% 4
\BOOKMARK [1][-]{section.1.4}{\376\377\000S\000c\000o\000p\000e\000\040\000a\000n\000d\000\040\000D\000e\000l\000i\000m\000i\000t\000a\000t\000i\000o\000n\000s}{chapter.1}% 5
\BOOKMARK [1][-]{section.1.5}{\376\377\000T\000h\000e\000s\000i\000s\000\040\000S\000t\000r\000u\000c\000t\000u\000r\000e}{chapter.1}% 6
\BOOKMARK [0][-]{chapter.2}{\376\377\000S\000t\000a\000t\000e\000\040\000o\000f\000\040\000t\000h\000e\000\040\000a\000r\000t}{}% 7
\BOOKMARK [1][-]{section.2.1}{\376\377\000S\000o\000f\000t\000w\000a\000r\000e\000\040\000S\000u\000p\000p\000l\000y\000\040\000C\000h\000a\000i\000n\000\040\000S\000e\000c\000u\000r\000i\000t\000y}{chapter.2}% 8
\BOOKMARK [2][-]{subsection.2.1.1}{\376\377\000S\000u\000p\000p\000l\000y\000\040\000C\000h\000a\000i\000n\000\040\000I\000n\000c\000i\000d\000e\000n\000t\000s}{section.2.1}% 9
\BOOKMARK [2][-]{subsection.2.1.2}{\376\377\000C\000l\000a\000s\000s\000i\000f\000i\000c\000a\000t\000i\000o\000n\000\040\000o\000f\000\040\000S\000u\000p\000p\000l\000y\000\040\000C\000h\000a\000i\000n\000\040\000A\000t\000t\000a\000c\000k\000s}{section.2.1}% 10
\BOOKMARK [2][-]{subsection.2.1.3}{\376\377\000T\000h\000e\000\040\000D\000e\000p\000e\000n\000d\000e\000n\000c\000y\000\040\000P\000r\000o\000b\000l\000e\000m\000\040\000a\000t\000\040\000S\000c\000a\000l\000e}{section.2.1}% 11
\BOOKMARK [2][-]{subsection.2.1.4}{\376\377\000S\000u\000p\000p\000l\000y\000\040\000c\000h\000a\000i\000n\000\040\000f\000r\000a\000m\000e\000w\000o\000r\000k\000s}{section.2.1}% 12
\BOOKMARK [1][-]{section.2.2}{\376\377\000P\000a\000c\000k\000a\000g\000e\000\040\000E\000c\000o\000s\000y\000s\000t\000e\000m\000\040\000S\000e\000c\000u\000r\000i\000t\000y\000\040\000A\000n\000a\000l\000y\000s\000i\000s}{chapter.2}% 13
\BOOKMARK [2][-]{subsection.2.2.1}{\376\377\000V\000u\000l\000n\000e\000r\000a\000b\000i\000l\000i\000t\000y\000\040\000D\000a\000t\000a\000b\000a\000s\000e\000s\000\040\000a\000n\000d\000\040\000A\000d\000v\000i\000s\000o\000r\000y\000\040\000S\000y\000s\000t\000e\000m\000s}{section.2.2}% 14
\BOOKMARK [2][-]{subsection.2.2.2}{\376\377\000S\000o\000f\000t\000w\000a\000r\000e\000\040\000B\000i\000l\000l\000\040\000o\000f\000\040\000M\000a\000t\000e\000r\000i\000a\000l\000s}{section.2.2}% 15
\BOOKMARK [2][-]{subsection.2.2.3}{\376\377\000L\000a\000r\000g\000e\000-\000S\000c\000a\000l\000e\000\040\000E\000c\000o\000s\000y\000s\000t\000e\000m\000\040\000S\000e\000c\000u\000r\000i\000t\000y\000\040\000S\000t\000u\000d\000i\000e\000s}{section.2.2}% 16
\BOOKMARK [1][-]{section.2.3}{\376\377\000T\000y\000p\000o\000s\000q\000u\000a\000t\000t\000i\000n\000g\000\040\000i\000n\000\040\000P\000a\000c\000k\000a\000g\000e\000\040\000R\000e\000g\000i\000s\000t\000r\000i\000e\000s}{chapter.2}% 17
\BOOKMARK [2][-]{subsection.2.3.1}{\376\377\000S\000t\000r\000i\000n\000g\000\040\000S\000i\000m\000i\000l\000a\000r\000i\000t\000y\000\040\000A\000l\000g\000o\000r\000i\000t\000h\000m\000s\000\040\000f\000o\000r\000\040\000D\000e\000t\000e\000c\000t\000i\000o\000n}{section.2.3}% 18
\BOOKMARK [2][-]{subsection.2.3.2}{\376\377\000T\000y\000p\000o\000s\000q\000u\000a\000t\000t\000i\000n\000g\000\040\000i\000n\000\040\000t\000h\000e\000\040\000R\000u\000s\000t\000\040\000E\000c\000o\000s\000y\000s\000t\000e\000m}{section.2.3}% 19
\BOOKMARK [1][-]{section.2.4}{\376\377\000M\000a\000l\000i\000c\000i\000o\000u\000s\000\040\000C\000o\000d\000e\000\040\000D\000e\000t\000e\000c\000t\000i\000o\000n\000\040\000i\000n\000\040\000P\000a\000c\000k\000a\000g\000e\000\040\000E\000c\000o\000s\000y\000s\000t\000e\000m\000s}{chapter.2}% 20
\BOOKMARK [2][-]{subsection.2.4.1}{\376\377\000C\000a\000t\000e\000g\000o\000r\000i\000e\000s\000\040\000o\000f\000\040\000M\000a\000l\000i\000c\000i\000o\000u\000s\000\040\000B\000e\000h\000a\000v\000i\000o\000r}{section.2.4}% 21
\BOOKMARK [2][-]{subsection.2.4.2}{\376\377\000S\000t\000a\000t\000i\000c\000\040\000A\000n\000a\000l\000y\000s\000i\000s\000\040\000A\000p\000p\000r\000o\000a\000c\000h\000e\000s}{section.2.4}% 22
\BOOKMARK [2][-]{subsection.2.4.3}{\376\377\000D\000y\000n\000a\000m\000i\000c\000\040\000A\000n\000a\000l\000y\000s\000i\000s\000\040\000A\000p\000p\000r\000o\000a\000c\000h\000e\000s}{section.2.4}% 23
\BOOKMARK [2][-]{subsection.2.4.4}{\376\377\000M\000a\000c\000h\000i\000n\000e\000\040\000L\000e\000a\000r\000n\000i\000n\000g\000\040\000A\000p\000p\000r\000o\000a\000c\000h\000e\000s}{section.2.4}% 24
\BOOKMARK [1][-]{section.2.5}{\376\377\000B\000u\000i\000l\000d\000\040\000S\000c\000r\000i\000p\000t\000\040\000S\000e\000c\000u\000r\000i\000t\000y\000\040\000R\000i\000s\000k\000s\000\040\000a\000n\000d\000\040\000D\000e\000t\000e\000c\000t\000i\000o\000n}{chapter.2}% 25
\BOOKMARK [1][-]{section.2.6}{\376\377\000L\000a\000r\000g\000e\000\040\000L\000a\000n\000g\000u\000a\000g\000e\000\040\000M\000o\000d\000e\000l\000s\000\040\000f\000o\000r\000\040\000C\000o\000d\000e\000\040\000A\000n\000a\000l\000y\000s\000i\000s}{chapter.2}% 26
\BOOKMARK [2][-]{subsection.2.6.1}{\376\377\000E\000v\000o\000l\000u\000t\000i\000o\000n\000\040\000o\000f\000\040\000C\000o\000d\000e\000-\000A\000w\000a\000r\000e\000\040\000L\000a\000n\000g\000u\000a\000g\000e\000\040\000M\000o\000d\000e\000l\000s}{section.2.6}% 27
\BOOKMARK [2][-]{subsection.2.6.2}{\376\377\000L\000L\000M\000s\000\040\000f\000o\000r\000\040\000V\000u\000l\000n\000e\000r\000a\000b\000i\000l\000i\000t\000y\000\040\000D\000e\000t\000e\000c\000t\000i\000o\000n}{section.2.6}% 28
\BOOKMARK [2][-]{subsection.2.6.3}{\376\377\000C\000h\000a\000l\000l\000e\000n\000g\000e\000s\000\040\000i\000n\000\040\000L\000a\000r\000g\000e\000-\000S\000c\000a\000l\000e\000\040\000L\000L\000M\000\040\000S\000e\000c\000u\000r\000i\000t\000y\000\040\000A\000n\000a\000l\000y\000s\000i\000s}{section.2.6}% 29
\BOOKMARK [2][-]{subsection.2.6.4}{\376\377\000L\000o\000c\000a\000l\000\040\000v\000s\000.\000\040\000A\000P\000I\000-\000B\000a\000s\000e\000d\000\040\000L\000L\000M\000\040\000D\000e\000p\000l\000o\000y\000m\000e\000n\000t}{section.2.6}% 30
\BOOKMARK [1][-]{section.2.7}{\376\377\000S\000e\000c\000r\000e\000t\000\040\000D\000e\000t\000e\000c\000t\000i\000o\000n\000\040\000i\000n\000\040\000S\000o\000u\000r\000c\000e\000\040\000C\000o\000d\000e}{chapter.2}% 31
\BOOKMARK [2][-]{subsection.2.7.1}{\376\377\000T\000h\000e\000\040\000P\000r\000o\000b\000l\000e\000m\000\040\000o\000f\000\040\000H\000a\000r\000d\000c\000o\000d\000e\000d\000\040\000S\000e\000c\000r\000e\000t\000s}{section.2.7}% 32
\BOOKMARK [2][-]{subsection.2.7.2}{\376\377\000S\000e\000c\000r\000e\000t\000\040\000D\000e\000t\000e\000c\000t\000i\000o\000n\000\040\000A\000p\000p\000r\000o\000a\000c\000h\000e\000s}{section.2.7}% 33
\BOOKMARK [2][-]{subsection.2.7.3}{\376\377\000G\000i\000t\000l\000e\000a\000k\000s}{section.2.7}% 34
\BOOKMARK [2][-]{subsection.2.7.4}{\376\377\000S\000e\000c\000r\000e\000t\000s\000\040\000i\000n\000\040\000t\000h\000e\000\040\000R\000u\000s\000t\000\040\000E\000c\000o\000s\000y\000s\000t\000e\000m}{section.2.7}% 35
\BOOKMARK [1][-]{section.2.8}{\376\377\000E\000x\000i\000s\000t\000i\000n\000g\000\040\000T\000o\000o\000l\000s\000\040\000a\000n\000d\000\040\000R\000e\000l\000a\000t\000e\000d\000\040\000W\000o\000r\000k}{chapter.2}% 36
\BOOKMARK [2][-]{subsection.2.8.1}{\376\377\000R\000u\000s\000t\000-\000S\000p\000e\000c\000i\000f\000i\000c\000\040\000S\000e\000c\000u\000r\000i\000t\000y\000\040\000T\000o\000o\000l\000s}{section.2.8}% 37
\BOOKMARK [2][-]{subsection.2.8.2}{\376\377\000G\000e\000n\000e\000r\000a\000l\000-\000P\000u\000r\000p\000o\000s\000e\000\040\000S\000e\000c\000u\000r\000i\000t\000y\000\040\000T\000o\000o\000l\000s}{section.2.8}% 38
\BOOKMARK [2][-]{subsection.2.8.3}{\376\377\000C\000o\000m\000m\000e\000r\000c\000i\000a\000l\000\040\000a\000n\000d\000\040\000C\000o\000m\000m\000u\000n\000i\000t\000y\000\040\000S\000u\000p\000p\000l\000y\000\040\000C\000h\000a\000i\000n\000\040\000S\000e\000c\000u\000r\000i\000t\000y\000\040\000P\000l\000a\000t\000f\000o\000r\000m\000s}{section.2.8}% 39
\BOOKMARK [2][-]{subsection.2.8.4}{\376\377\000A\000c\000a\000d\000e\000m\000i\000c\000\040\000R\000e\000s\000e\000a\000r\000c\000h\000\040\000o\000n\000\040\000E\000c\000o\000s\000y\000s\000t\000e\000m\000\040\000S\000e\000c\000u\000r\000i\000t\000y}{section.2.8}% 40
\BOOKMARK [1][-]{section.2.9}{\376\377\000D\000i\000s\000t\000r\000i\000b\000u\000t\000e\000d\000\040\000S\000y\000s\000t\000e\000m\000s\000\040\000f\000o\000r\000\040\000L\000a\000r\000g\000e\000-\000S\000c\000a\000l\000e\000\040\000A\000n\000a\000l\000y\000s\000i\000s}{chapter.2}% 41
\BOOKMARK [2][-]{subsection.2.9.1}{\376\377\000C\000h\000a\000l\000l\000e\000n\000g\000e\000s\000\040\000o\000f\000\040\000E\000c\000o\000s\000y\000s\000t\000e\000m\000-\000S\000c\000a\000l\000e\000\040\000A\000n\000a\000l\000y\000s\000i\000s}{section.2.9}% 42
\BOOKMARK [2][-]{subsection.2.9.2}{\376\377\000W\000o\000r\000k\000\040\000Q\000u\000e\000u\000e\000\040\000A\000r\000c\000h\000i\000t\000e\000c\000t\000u\000r\000e\000s}{section.2.9}% 43
\BOOKMARK [1][-]{section.2.10}{\376\377\000S\000u\000m\000m\000a\000r\000y\000\040\000a\000n\000d\000\040\000R\000e\000s\000e\000a\000r\000c\000h\000\040\000G\000a\000p}{chapter.2}% 44
\BOOKMARK [2][-]{subsection.2.10.1}{\376\377\000E\000c\000o\000s\000y\000s\000t\000e\000m\000-\000S\000p\000e\000c\000i\000f\000i\000c\000\040\000G\000a\000p\000s\000\040\000f\000o\000r\000\040\000R\000u\000s\000t}{section.2.10}% 45
\BOOKMARK [2][-]{subsection.2.10.2}{\376\377\000M\000e\000t\000h\000o\000d\000o\000l\000o\000g\000i\000c\000a\000l\000\040\000G\000a\000p\000s}{section.2.10}% 46
\BOOKMARK [2][-]{subsection.2.10.3}{\376\377\000C\000o\000n\000t\000r\000i\000b\000u\000t\000i\000o\000n\000s\000\040\000o\000f\000\040\000T\000h\000i\000s\000\040\000T\000h\000e\000s\000i\000s}{section.2.10}% 47
\BOOKMARK [0][-]{chapter.3}{\376\377\000M\000e\000t\000h\000o\000d\000o\000l\000o\000g\000y}{}% 48
\BOOKMARK [1][-]{section.3.1}{\376\377\000R\000e\000s\000e\000a\000r\000c\000h\000\040\000A\000p\000p\000r\000o\000a\000c\000h}{chapter.3}% 49
\BOOKMARK [1][-]{section.3.2}{\376\377\000T\000h\000r\000e\000a\000t\000\040\000M\000o\000d\000e\000l}{chapter.3}% 50
\BOOKMARK [2][-]{subsection.3.2.1}{\376\377\000S\000y\000s\000t\000e\000m\000\040\000M\000o\000d\000e\000l}{section.3.2}% 51
\BOOKMARK [2][-]{subsection.3.2.2}{\376\377\000A\000t\000t\000a\000c\000k\000e\000r\000\040\000M\000o\000d\000e\000l}{section.3.2}% 52
\BOOKMARK [2][-]{subsection.3.2.3}{\376\377\000A\000t\000t\000a\000c\000k\000e\000r\000\040\000C\000l\000a\000s\000s\000e\000s}{section.3.2}% 53
\BOOKMARK [2][-]{subsection.3.2.4}{\376\377\000A\000t\000t\000a\000c\000k\000\040\000V\000e\000c\000t\000o\000r\000s\000\040\000A\000d\000d\000r\000e\000s\000s\000e\000d}{section.3.2}% 54
\BOOKMARK [2][-]{subsection.3.2.5}{\376\377\000S\000c\000o\000p\000e\000\040\000a\000n\000d\000\040\000A\000s\000s\000u\000m\000p\000t\000i\000o\000n\000s}{section.3.2}% 55
\BOOKMARK [1][-]{section.3.3}{\376\377\000D\000a\000t\000a\000\040\000C\000o\000l\000l\000e\000c\000t\000i\000o\000n\000\040\000S\000t\000r\000a\000t\000e\000g\000y}{chapter.3}% 56
\BOOKMARK [1][-]{section.3.4}{\376\377\000A\000n\000a\000l\000y\000s\000i\000s\000\040\000F\000r\000a\000m\000e\000w\000o\000r\000k\000\040\000D\000e\000s\000i\000g\000n}{chapter.3}% 57
\BOOKMARK [1][-]{section.3.5}{\376\377\000E\000v\000a\000l\000u\000a\000t\000i\000o\000n\000\040\000M\000e\000t\000r\000i\000c\000s}{chapter.3}% 58
\BOOKMARK [0][-]{chapter.4}{\376\377\000S\000y\000s\000t\000e\000m\000\040\000A\000r\000c\000h\000i\000t\000e\000c\000t\000u\000r\000e}{}% 59
\BOOKMARK [1][-]{section.4.1}{\376\377\000H\000i\000g\000h\000-\000L\000e\000v\000e\000l\000\040\000A\000r\000c\000h\000i\000t\000e\000c\000t\000u\000r\000e\000\040\000O\000v\000e\000r\000v\000i\000e\000w}{chapter.4}% 60
\BOOKMARK [1][-]{section.4.2}{\376\377\000D\000a\000t\000a\000\040\000I\000n\000g\000e\000s\000t\000i\000o\000n\000\040\000P\000i\000p\000e\000l\000i\000n\000e}{chapter.4}% 61
\BOOKMARK [1][-]{section.4.3}{\376\377\000D\000e\000p\000e\000n\000d\000e\000n\000c\000y\000\040\000G\000r\000a\000p\000h\000\040\000C\000o\000n\000s\000t\000r\000u\000c\000t\000i\000o\000n}{chapter.4}% 62
\BOOKMARK [1][-]{section.4.4}{\376\377\000D\000i\000s\000t\000r\000i\000b\000u\000t\000e\000d\000\040\000W\000o\000r\000k\000\040\000Q\000u\000e\000u\000e}{chapter.4}% 63
\BOOKMARK [1][-]{section.4.5}{\376\377\000D\000a\000t\000a\000b\000a\000s\000e\000\040\000S\000c\000h\000e\000m\000a\000\040\000D\000e\000s\000i\000g\000n}{chapter.4}% 64
\BOOKMARK [1][-]{section.4.6}{\376\377\000W\000e\000b\000\040\000D\000a\000s\000h\000b\000o\000a\000r\000d}{chapter.4}% 65
\BOOKMARK [1][-]{section.4.7}{\376\377\000D\000e\000p\000l\000o\000y\000m\000e\000n\000t\000\040\000a\000n\000d\000\040\000I\000n\000f\000r\000a\000s\000t\000r\000u\000c\000t\000u\000r\000e}{chapter.4}% 66
\BOOKMARK [0][-]{chapter.5}{\376\377\000A\000n\000a\000l\000y\000s\000i\000s\000\040\000M\000o\000d\000u\000l\000e\000s}{}% 67
\BOOKMARK [1][-]{section.5.1}{\376\377\000C\000a\000r\000g\000o\000\040\000A\000u\000d\000i\000t\000\040\000-\000\040\000V\000u\000l\000n\000e\000r\000a\000b\000i\000l\000i\000t\000y\000\040\000S\000c\000a\000n\000n\000i\000n\000g}{chapter.5}% 68
\BOOKMARK [1][-]{section.5.2}{\376\377\000G\000i\000t\000l\000e\000a\000k\000s\000\040\000-\000\040\000S\000e\000c\000r\000e\000t\000\040\000D\000e\000t\000e\000c\000t\000i\000o\000n}{chapter.5}% 69
\BOOKMARK [1][-]{section.5.3}{\376\377\000B\000u\000i\000l\000d\000\040\000S\000c\000r\000i\000p\000t\000\040\000A\000n\000a\000l\000y\000s\000i\000s}{chapter.5}% 70
\BOOKMARK [1][-]{section.5.4}{\376\377\000L\000L\000M\000-\000A\000s\000s\000i\000s\000t\000e\000d\000\040\000M\000a\000l\000i\000c\000i\000o\000u\000s\000\040\000C\000o\000d\000e\000\040\000D\000e\000t\000e\000c\000t\000i\000o\000n}{chapter.5}% 71
\BOOKMARK [1][-]{section.5.5}{\376\377\000T\000y\000p\000o\000s\000q\000u\000a\000t\000t\000i\000n\000g\000\040\000D\000e\000t\000e\000c\000t\000i\000o\000n}{chapter.5}% 72
\BOOKMARK [1][-]{section.5.6}{\376\377\000T\000r\000a\000n\000s\000i\000t\000i\000v\000e\000\040\000D\000e\000p\000e\000n\000d\000e\000n\000c\000y\000\040\000R\000i\000s\000k\000\040\000P\000r\000o\000p\000a\000g\000a\000t\000i\000o\000n}{chapter.5}% 73
\BOOKMARK [0][-]{chapter.6}{\376\377\000I\000m\000p\000l\000e\000m\000e\000n\000t\000a\000t\000i\000o\000n\000\040\000D\000e\000t\000a\000i\000l\000s}{}% 74
\BOOKMARK [1][-]{section.6.1}{\376\377\000T\000e\000c\000h\000n\000o\000l\000o\000g\000y\000\040\000S\000t\000a\000c\000k}{chapter.6}% 75
\BOOKMARK [1][-]{section.6.2}{\376\377\000C\000L\000I\000\040\000A\000p\000p\000l\000i\000c\000a\000t\000i\000o\000n\000\040\000S\000t\000r\000u\000c\000t\000u\000r\000e}{chapter.6}% 76
\BOOKMARK [1][-]{section.6.3}{\376\377\000R\000e\000d\000i\000s\000\040\000Q\000u\000e\000u\000e\000\040\000I\000m\000p\000l\000e\000m\000e\000n\000t\000a\000t\000i\000o\000n}{chapter.6}% 77
\BOOKMARK [1][-]{section.6.4}{\376\377\000C\000y\000c\000l\000e\000\040\000D\000e\000t\000e\000c\000t\000i\000o\000n\000\040\000a\000n\000d\000\040\000R\000e\000s\000o\000l\000u\000t\000i\000o\000n}{chapter.6}% 78
\BOOKMARK [1][-]{section.6.5}{\376\377\000W\000o\000r\000k\000e\000r\000\040\000L\000i\000f\000e\000c\000y\000c\000l\000e\000\040\000a\000n\000d\000\040\000F\000a\000u\000l\000t\000\040\000T\000o\000l\000e\000r\000a\000n\000c\000e}{chapter.6}% 79
\BOOKMARK [1][-]{section.6.6}{\376\377\000B\000a\000t\000c\000h\000\040\000P\000r\000o\000c\000e\000s\000s\000i\000n\000g\000\040\000a\000n\000d\000\040\000D\000a\000t\000a\000b\000a\000s\000e\000\040\000O\000p\000t\000i\000m\000i\000z\000a\000t\000i\000o\000n}{chapter.6}% 80
\BOOKMARK [0][-]{chapter.7}{\376\377\000R\000e\000s\000u\000l\000t\000s\000\040\000a\000n\000d\000\040\000E\000v\000a\000l\000u\000a\000t\000i\000o\000n}{}% 81
\BOOKMARK [1][-]{section.7.1}{\376\377\000D\000a\000t\000a\000s\000e\000t\000\040\000O\000v\000e\000r\000v\000i\000e\000w}{chapter.7}% 82
\BOOKMARK [1][-]{section.7.2}{\376\377\000D\000e\000p\000e\000n\000d\000e\000n\000c\000y\000\040\000n\000e\000t\000w\000o\000r\000k}{chapter.7}% 83
\BOOKMARK [1][-]{section.7.3}{\376\377\000S\000u\000s\000p\000i\000c\000i\000o\000u\000s\000\040\000b\000u\000i\000l\000d\000.\000r\000s\000\040\000A\000n\000a\000l\000y\000s\000i\000s}{chapter.7}% 84
\BOOKMARK [0][-]{chapter.8}{\376\377\000D\000i\000s\000c\000u\000s\000s\000i\000o\000n}{}% 85
\BOOKMARK [1][-]{section.8.1}{\376\377\000C\000o\000m\000p\000a\000r\000i\000s\000o\000n\000\040\000w\000i\000t\000h\000\040\000E\000x\000i\000s\000t\000i\000n\000g\000\040\000A\000p\000p\000r\000o\000a\000c\000h\000e\000s}{chapter.8}% 86
\BOOKMARK [1][-]{section.8.2}{\376\377\000L\000i\000m\000i\000t\000a\000t\000i\000o\000n\000s}{chapter.8}% 87
\BOOKMARK [2][-]{subsection.8.2.1}{\376\377\000D\000e\000t\000e\000c\000t\000i\000o\000n\000\040\000L\000i\000m\000i\000t\000a\000t\000i\000o\000n\000s}{section.8.2}% 88
\BOOKMARK [2][-]{subsection.8.2.2}{\376\377\000L\000L\000M\000-\000S\000p\000e\000c\000i\000f\000i\000c\000\040\000L\000i\000m\000i\000t\000a\000t\000i\000o\000n\000s}{section.8.2}% 89
\BOOKMARK [2][-]{subsection.8.2.3}{\376\377\000S\000c\000a\000l\000a\000b\000i\000l\000i\000t\000y\000\040\000a\000n\000d\000\040\000R\000e\000s\000o\000u\000r\000c\000e\000\040\000L\000i\000m\000i\000t\000a\000t\000i\000o\000n\000s}{section.8.2}% 90
\BOOKMARK [2][-]{subsection.8.2.4}{\376\377\000G\000r\000o\000u\000n\000d\000\040\000T\000r\000u\000t\000h\000\040\000L\000i\000m\000i\000t\000a\000t\000i\000o\000n\000s}{section.8.2}% 91
\BOOKMARK [2][-]{subsection.8.2.5}{\376\377\000G\000e\000n\000e\000r\000a\000l\000i\000z\000a\000b\000i\000l\000i\000t\000y\000\040\000L\000i\000m\000i\000t\000a\000t\000i\000o\000n\000s}{section.8.2}% 92
\BOOKMARK [1][-]{section.8.3}{\376\377\000T\000h\000r\000e\000a\000t\000s\000\040\000t\000o\000\040\000V\000a\000l\000i\000d\000i\000t\000y}{chapter.8}% 93
\BOOKMARK [0][-]{chapter.9}{\376\377\000C\000o\000n\000c\000l\000u\000s\000i\000o\000n\000s\000\040\000a\000n\000d\000\040\000F\000u\000t\000u\000r\000e\000\040\000W\000o\000r\000k}{}% 94
\BOOKMARK [1][-]{section.9.1}{\376\377\000S\000u\000m\000m\000a\000r\000y\000\040\000o\000f\000\040\000C\000o\000n\000t\000r\000i\000b\000u\000t\000i\000o\000n\000s}{chapter.9}% 95
\BOOKMARK [1][-]{section.9.2}{\376\377\000F\000u\000t\000u\000r\000e\000\040\000D\000i\000r\000e\000c\000t\000i\000o\000n\000s}{chapter.9}% 96
\BOOKMARK [0][-]{chapter*.7}{\376\377\000B\000i\000b\000l\000i\000o\000g\000r\000a\000p\000h\000y}{}% 97
\BOOKMARK [0][-]{appendix.A}{\376\377\000D\000a\000t\000a\000b\000a\000s\000e\000\040\000S\000c\000h\000e\000m\000a}{}% 98
\BOOKMARK [0][-]{appendix.B}{\376\377\000C\000o\000n\000f\000i\000g\000u\000r\000a\000t\000i\000o\000n\000\040\000R\000e\000f\000e\000r\000e\000n\000c\000e}{}% 99
\BOOKMARK [0][-]{appendix.C}{\376\377\000W\000e\000b\000\040\000D\000a\000s\000h\000b\000o\000a\000r\000d\000\040\000A\000P\000I\000\040\000R\000e\000f\000e\000r\000e\000n\000c\000e}{}% 100
\BOOKMARK [0][-]{appendix.D}{\376\377\000A\000r\000t\000i\000f\000a\000c\000t\000\040\000D\000o\000c\000u\000m\000e\000n\000t\000a\000t\000i\000o\000n\000\040\000a\000n\000d\000\040\000R\000e\000p\000r\000o\000d\000u\000c\000i\000b\000i\000l\000i\000t\000y}{}% 101
\BOOKMARK [1][-]{section.D.1}{\376\377\000S\000o\000f\000t\000w\000a\000r\000e\000\040\000A\000r\000t\000i\000f\000a\000c\000t\000s}{appendix.D}% 102
\BOOKMARK [1][-]{section.D.2}{\376\377\000D\000a\000t\000a\000\040\000A\000r\000t\000i\000f\000a\000c\000t\000s}{appendix.D}% 103
\BOOKMARK [1][-]{section.D.3}{\376\377\000H\000a\000r\000d\000w\000a\000r\000e\000\040\000R\000e\000q\000u\000i\000r\000e\000m\000e\000n\000t\000s}{appendix.D}% 104
\BOOKMARK [1][-]{section.D.4}{\376\377\000S\000o\000f\000t\000w\000a\000r\000e\000\040\000R\000e\000q\000u\000i\000r\000e\000m\000e\000n\000t\000s}{appendix.D}% 105
\BOOKMARK [1][-]{section.D.5}{\376\377\000R\000e\000p\000r\000o\000d\000u\000c\000t\000i\000o\000n\000\040\000S\000t\000e\000p\000s}{appendix.D}% 106
\BOOKMARK [1][-]{section.D.6}{\376\377\000E\000x\000p\000e\000c\000t\000e\000d\000\040\000O\000u\000t\000p\000u\000t\000s}{appendix.D}% 107
\BOOKMARK [0][-]{appendix.E}{\376\377\000G\000l\000o\000s\000s\000a\000r\000y}{}% 108
\BOOKMARK [0][-]{appendix.F}{\376\377\000G\000e\000n\000e\000r\000a\000t\000i\000v\000e\000\040\000A\000I\000\040\000T\000o\000o\000l\000s\000\040\000U\000s\000a\000g\000e}{}% 109
